[sedonax.com/indexe6c9.html]
[backblue.gif]
[fade.gif]
[index.html]
[sedonax.com/img/social.jpg]
[sedonax.com/index.html]
[sedonax.com/img/favicon.ico]
[sedonax.com/fontawesome/css/all.css]
[sedonax.com/bootstrap/css/bootstrap.min.css]
[sedonax.com/css/stylea87f.css]
[sedonax.com/slick/slick.css]
[sedonax.com/slick/slick-theme.css]
[sedonax.com/img/sedonax.png]
[sedonax.com/img/kit-sedonax.png]
[sedonax.com/img/1.png]
[sedonax.com/img/2.png]
[sedonax.com/img/3.png]
[sedonax.com/img/4.png]
[sedonax.com/img/5.png]
[sedonax.com/img/6.png]
[sedonax.com/img/barra_segura.png]
[sedonax.com/img/woman.png]
[sedonax.com/img/woman-cel.png]
[sedonax.com/img/formula.png]
[sedonax.com/img/gnt.png]
[sedonax.com/img/globo.png]
[sedonax.com/img/r7.png]
[sedonax.com/depoimentos/depo2.1.jpg]
[sedonax.com/depoimentos/depo1.1.jpg]
[sedonax.com/depoimentos/depo4.1.png]
[sedonax.com/img/90-desk.png]
[sedonax.com/img/90-mobile.png]
[sedonax.com/depoimentos/samara-lopes.png]
[sedonax.com/depoimentos/09.jpg]
[sedonax.com/depoimentos/11.jpg]
[sedonax.com/depoimentos/10.jpg]
[sedonax.com/img/porque.png]
[sedonax.com/img/p01.png]
[sedonax.com/img/p03.png]
[sedonax.com/img/p05.png]
[sedonax.com/img/whatsapp-1.svg]
[sedonax.com/sac/rastrear-pedido.html]
[sedonax.com/aviso.html]
[sedonax.com/politicas-de-privacidade.html]
[sedonax.com/termos-de-uso.html]
[sedonax.com/img/pagamentoFooter.png]
[sedonax.com/img/seguro.png]
[sedonax.com/img/plonu.png]
[sedonax.com/cdn-cgi/l/email-protection.html]
[sedonax.com/politicas-de-troca.html]
[sedonax.com/politicas-de-entrega.html]
[sedonax.com/cdn-cgi/scripts/5c5dd728/cloudflare-static/email-decode.min.js]
[www.mercadopago.com/v2/security.js]
[sedonax.com/js/jquery-slim.min.js]
[sedonax.com/js/popper.min.js]
[sedonax.com/bootstrap/js/bootstrap.min.js]
[sedonax.com/js/holder.min.js]
[code.jquery.com/jquery-migrate-1.2.1.min.js]
[sedonax.com/js/jquery.lazyload4b17.js]
[sedonax.com/js/jquery.countdown.min.js]
[code.jquery.com/jquery-1.11.0.min.js]
[cdn.jsdelivr.net/npm/slick-carousel@1.8.1/slick/slick.min.js]
[ev.braip.com/js/braip-boosterec92.js]
[diffuser-cdn.app-us1.com/diffuser/diffuser.js]
[sedonax.com/indexe6c9.html]
[sedonax.com/index.html]
[ajax.cloudflare.com/cdn-cgi/scripts/7089c43e/cloudflare-static/rocket-loader.min.js]
[sedonax.com/fontawesome/webfonts/fa-brands-400.eot]
[sedonax.com/fontawesome/webfonts/fa-brands-400d41d.eot]
[sedonax.com/fontawesome/webfonts/fa-brands-400.woff2]
[sedonax.com/fontawesome/webfonts/fa-brands-400.woff]
[sedonax.com/fontawesome/webfonts/fa-brands-400.ttf]
[sedonax.com/fontawesome/webfonts/fa-brands-400.svg]
[sedonax.com/fontawesome/webfonts/fa-regular-400.eot]
[sedonax.com/fontawesome/webfonts/fa-regular-400d41d.eot]
[sedonax.com/fontawesome/webfonts/fa-regular-400.woff2]
[sedonax.com/fontawesome/webfonts/fa-regular-400.woff]
[sedonax.com/fontawesome/webfonts/fa-regular-400.ttf]
[sedonax.com/fontawesome/webfonts/fa-regular-400.svg]
[sedonax.com/fontawesome/webfonts/fa-solid-900.eot]
[sedonax.com/fontawesome/webfonts/fa-solid-900d41d.eot]
[sedonax.com/fontawesome/webfonts/fa-solid-900.woff2]
[sedonax.com/fontawesome/webfonts/fa-solid-900.woff]
[sedonax.com/fontawesome/webfonts/fa-solid-900.ttf]
[sedonax.com/fontawesome/css/all.css]
[sedonax.com/bootstrap/css/bootstrap.min.css]
[sedonax.com/img/bg.svg]
[sedonax.com/fontawesome/webfonts/fa-solid-900.svg]
[sedonax.com/img/bg.51.delayed]
[sedonax.com/css/stylea87f.css]
[sedonax.com/slick/slick.css]
[sedonax.com/slick/ajax-loader.gif]
[sedonax.com/slick/fonts/slick.eot]
[sedonax.com/slick/fonts/slickd41d.eot]
[sedonax.com/slick/fonts/slick.woff]
[sedonax.com/slick/fonts/slick.ttf]
[sedonax.com/slick/slick-theme.css]
[www.googletagmanager.com/gtm5445.html]
[sedonax.com/img/whatsapp-1.svg]
[sedonax.com/slick/fonts/slick.svg]
[sedonax.com/sac/index.html]
[sedonax.com/sac/css/sacc81e.css]
[sedonax.com/sac/entrega-produto.html]
[sedonax.com/sac/rastrear-pedido.html]
[sedonax.com/aviso.html]
[sedonax.com/politicas-de-privacidade.html]
[sedonax.com/termos-de-uso.html]
[sedonax.com/cdn-cgi/l/email-protection.html]
[sedonax.com/politicas-de-troca.html]
[sedonax.com/politicas-de-entrega.html]
[sedonax.com/fontawesome/webfonts/fa-brands-400.svg]
[sedonax.com/fontawesome/webfonts/fa-regular-400.svg]
[static.cloudflareinsights.com/beacon.min.js]
[sedonax.com/fontawesome/webfonts/fa-solid-900.svg]
[sedonax.com/img/bg.svg]
[sedonax.com/img/bg.html]
[sedonax.com/slick/fonts/slick.svg]
[sedonax.com/sac/css/sacc81e.css]
[sedonax.com/sac/entrega-produto.html]
[sedonax.com/sac/atendimentodb33.html]
[sedonax.com/sac/atendimentodb33.html]
